// Jest Snapshot v1, https://goo.gl/fbAQLP

exports[`List to match snapshot 1`] = `
<div
  className="list"
>
  <ul>
    
    <li
      data-idx={0}
      data-selected={false}
    >
      <div
        className="item"
      >
        <div
          className="container"
        >
          <div
            className="ibox"
          >
            <img
              alt=""
              className="image"
            />
          </div>
        </div>
        <div
          className="attributes"
        >
          <div>
            <p
              className="title"
            >
              Author
            </p>
            <p
              className="name"
            >
              <span
                className="truncate"
              >
                Philippe Wuyts
              </span>
            </p>
          </div>
          <div>
            <p
              className="title"
            >
              Resolutions
            </p>
            <p
              className="name"
            >
              <span
                className="truncate"
              >
                3844
                 x 
                2563
              </span>
            </p>
          </div>
          <div>
            <p
              className="title"
            >
              Image Name
            </p>
            <p
              className="name"
            >
              Image #1016
            </p>
          </div>
        </div>
        <svg
          className="button"
          fill="none"
          onClick={[Function]}
          stroke="currentColor"
          strokeWidth="2"
          viewBox="0 0 24 24"
        >
          <path
            d="M15.232 5.232l3.536 3.536m-2.036-5.036a2.5 2.5 0 113.536 3.536L6.5 21.036H3v-3.572L16.732 3.732z"
            strokeLinecap="round"
            strokeLinejoin="round"
          />
        </svg>
      </div>
    </li>
    <li
      data-idx={1}
      data-selected={false}
    >
      <div
        className="item"
      >
        <div
          className="container"
        >
          <div
            className="ibox"
          >
            <img
              alt=""
              className="image"
            />
          </div>
        </div>
        <div
          className="attributes"
        >
          <div>
            <p
              className="title"
            >
              Author
            </p>
            <p
              className="name"
            >
              <span
                className="truncate"
              >
                Andrew Ridley
              </span>
            </p>
          </div>
          <div>
            <p
              className="title"
            >
              Resolutions
            </p>
            <p
              className="name"
            >
              <span
                className="truncate"
              >
                3914
                 x 
                2935
              </span>
            </p>
          </div>
          <div>
            <p
              className="title"
            >
              Image Name
            </p>
            <p
              className="name"
            >
              Image #1018
            </p>
          </div>
        </div>
        <svg
          className="button"
          fill="none"
          onClick={[Function]}
          stroke="currentColor"
          strokeWidth="2"
          viewBox="0 0 24 24"
        >
          <path
            d="M15.232 5.232l3.536 3.536m-2.036-5.036a2.5 2.5 0 113.536 3.536L6.5 21.036H3v-3.572L16.732 3.732z"
            strokeLinecap="round"
            strokeLinejoin="round"
          />
        </svg>
      </div>
    </li>
    <li
      data-idx={2}
      data-selected={false}
    >
      <div
        className="item"
      >
        <div
          className="container"
        >
          <div
            className="ibox"
          >
            <img
              alt=""
              className="image"
            />
          </div>
        </div>
        <div
          className="attributes"
        >
          <div>
            <p
              className="title"
            >
              Author
            </p>
            <p
              className="name"
            >
              <span
                className="truncate"
              >
                Patrick Fore
              </span>
            </p>
          </div>
          <div>
            <p
              className="title"
            >
              Resolutions
            </p>
            <p
              className="name"
            >
              <span
                className="truncate"
              >
                5472
                 x 
                3648
              </span>
            </p>
          </div>
          <div>
            <p
              className="title"
            >
              Image Name
            </p>
            <p
              className="name"
            >
              Image #1019
            </p>
          </div>
        </div>
        <svg
          className="button"
          fill="none"
          onClick={[Function]}
          stroke="currentColor"
          strokeWidth="2"
          viewBox="0 0 24 24"
        >
          <path
            d="M15.232 5.232l3.536 3.536m-2.036-5.036a2.5 2.5 0 113.536 3.536L6.5 21.036H3v-3.572L16.732 3.732z"
            strokeLinecap="round"
            strokeLinejoin="round"
          />
        </svg>
      </div>
    </li>
  </ul>
</div>
`;
